MPLINK 4.49, Linker
Linker Map File - Created Sun Dec 04 18:45:12 2022

                                 Section Info
                  Section       Type    Address   Location Size(Bytes)
                ---------  ---------  ---------  ---------  ---------
                   .org_0       code   0x000000    program   0x000000
                   .org_1       code   0x000000    program   0x000002
                   .org_2       code   0x000005    program   0x0000ca



                              Program Memory Usage 
                               Start         End      
                           ---------   ---------      
                            0x000000    0x000000      
                            0x000005    0x000069      
            102 out of 8454 program addresses used, program memory utilization is 1%



                              Symbols - Sorted by Name
                     Name    Address   Location    Storage File                     
                ---------  ---------  ---------  --------- ---------                
                  ACCION1   0x00001a    program     static C:\Users\joeld\Desktop\Materias del semestre\MICROCOMPUTADORAS\Laboratorio\Practicas\Practica 5\p5_2.asm
                  ACCION2   0x00001f    program     static C:\Users\joeld\Desktop\Materias del semestre\MICROCOMPUTADORAS\Laboratorio\Practicas\Practica 5\p5_2.asm
                  ACCION3   0x00002c    program     static C:\Users\joeld\Desktop\Materias del semestre\MICROCOMPUTADORAS\Laboratorio\Practicas\Practica 5\p5_2.asm
                  ACCION4   0x000039    program     static C:\Users\joeld\Desktop\Materias del semestre\MICROCOMPUTADORAS\Laboratorio\Practicas\Practica 5\p5_2.asm
                  ACCION5   0x00004b    program     static C:\Users\joeld\Desktop\Materias del semestre\MICROCOMPUTADORAS\Laboratorio\Practicas\Practica 5\p5_2.asm
                   INICIO   0x000005    program     static C:\Users\joeld\Desktop\Materias del semestre\MICROCOMPUTADORAS\Laboratorio\Practicas\Practica 5\p5_2.asm
                  RETARDO   0x00005d    program     static C:\Users\joeld\Desktop\Materias del semestre\MICROCOMPUTADORAS\Laboratorio\Practicas\Practica 5\p5_2.asm
                      dos   0x000061    program     static C:\Users\joeld\Desktop\Materias del semestre\MICROCOMPUTADORAS\Laboratorio\Practicas\Practica 5\p5_2.asm
                    loop2   0x000012    program     static C:\Users\joeld\Desktop\Materias del semestre\MICROCOMPUTADORAS\Laboratorio\Practicas\Practica 5\p5_2.asm
                     tres   0x00005f    program     static C:\Users\joeld\Desktop\Materias del semestre\MICROCOMPUTADORAS\Laboratorio\Practicas\Practica 5\p5_2.asm
                      uno   0x000063    program     static C:\Users\joeld\Desktop\Materias del semestre\MICROCOMPUTADORAS\Laboratorio\Practicas\Practica 5\p5_2.asm



                              Symbols - Sorted by Address
                     Name    Address   Location    Storage File                     
                ---------  ---------  ---------  --------- ---------                
                   INICIO   0x000005    program     static C:\Users\joeld\Desktop\Materias del semestre\MICROCOMPUTADORAS\Laboratorio\Practicas\Practica 5\p5_2.asm
                    loop2   0x000012    program     static C:\Users\joeld\Desktop\Materias del semestre\MICROCOMPUTADORAS\Laboratorio\Practicas\Practica 5\p5_2.asm
                  ACCION1   0x00001a    program     static C:\Users\joeld\Desktop\Materias del semestre\MICROCOMPUTADORAS\Laboratorio\Practicas\Practica 5\p5_2.asm
                  ACCION2   0x00001f    program     static C:\Users\joeld\Desktop\Materias del semestre\MICROCOMPUTADORAS\Laboratorio\Practicas\Practica 5\p5_2.asm
                  ACCION3   0x00002c    program     static C:\Users\joeld\Desktop\Materias del semestre\MICROCOMPUTADORAS\Laboratorio\Practicas\Practica 5\p5_2.asm
                  ACCION4   0x000039    program     static C:\Users\joeld\Desktop\Materias del semestre\MICROCOMPUTADORAS\Laboratorio\Practicas\Practica 5\p5_2.asm
                  ACCION5   0x00004b    program     static C:\Users\joeld\Desktop\Materias del semestre\MICROCOMPUTADORAS\Laboratorio\Practicas\Practica 5\p5_2.asm
                  RETARDO   0x00005d    program     static C:\Users\joeld\Desktop\Materias del semestre\MICROCOMPUTADORAS\Laboratorio\Practicas\Practica 5\p5_2.asm
                     tres   0x00005f    program     static C:\Users\joeld\Desktop\Materias del semestre\MICROCOMPUTADORAS\Laboratorio\Practicas\Practica 5\p5_2.asm
                      dos   0x000061    program     static C:\Users\joeld\Desktop\Materias del semestre\MICROCOMPUTADORAS\Laboratorio\Practicas\Practica 5\p5_2.asm
                      uno   0x000063    program     static C:\Users\joeld\Desktop\Materias del semestre\MICROCOMPUTADORAS\Laboratorio\Practicas\Practica 5\p5_2.asm


