MPLINK 4.49, Linker
Linker Map File - Created Wed Jan 04 23:09:15 2023

                                 Section Info
                  Section       Type    Address   Location Size(Bytes)
                ---------  ---------  ---------  ---------  ---------
                   .org_0       code   0x000000    program   0x000000
                   .org_1       code   0x000000    program   0x000002
                   .org_2       code   0x000005    program   0x00005a



                              Program Memory Usage 
                               Start         End      
                           ---------   ---------      
                            0x000000    0x000000      
                            0x000005    0x000031      
            46 out of 8454 program addresses used, program memory utilization is 0%



                              Symbols - Sorted by Name
                     Name    Address   Location    Storage File                     
                ---------  ---------  ---------  --------- ---------                
                   INICIO   0x000005    program     static C:\Users\joeld\Desktop\Materias del semestre\MICROCOMPUTADORAS\Laboratorio\Practicas\Practica 2\p2_3.asm
              INTERCAMBIA   0x00001d    program     static C:\Users\joeld\Desktop\Materias del semestre\MICROCOMPUTADORAS\Laboratorio\Practicas\Practica 2\p2_3.asm
                     LOOP   0x000010    program     static C:\Users\joeld\Desktop\Materias del semestre\MICROCOMPUTADORAS\Laboratorio\Practicas\Practica 2\p2_3.asm
                 REINICIO   0x000028    program     static C:\Users\joeld\Desktop\Materias del semestre\MICROCOMPUTADORAS\Laboratorio\Practicas\Practica 2\p2_3.asm



                              Symbols - Sorted by Address
                     Name    Address   Location    Storage File                     
                ---------  ---------  ---------  --------- ---------                
                   INICIO   0x000005    program     static C:\Users\joeld\Desktop\Materias del semestre\MICROCOMPUTADORAS\Laboratorio\Practicas\Practica 2\p2_3.asm
                     LOOP   0x000010    program     static C:\Users\joeld\Desktop\Materias del semestre\MICROCOMPUTADORAS\Laboratorio\Practicas\Practica 2\p2_3.asm
              INTERCAMBIA   0x00001d    program     static C:\Users\joeld\Desktop\Materias del semestre\MICROCOMPUTADORAS\Laboratorio\Practicas\Practica 2\p2_3.asm
                 REINICIO   0x000028    program     static C:\Users\joeld\Desktop\Materias del semestre\MICROCOMPUTADORAS\Laboratorio\Practicas\Practica 2\p2_3.asm


