MPLINK 4.49, Linker
Linker Map File - Created Thu Jan 05 03:41:38 2023

                                 Section Info
                  Section       Type    Address   Location Size(Bytes)
                ---------  ---------  ---------  ---------  ---------
                   .org_0       code   0x000000    program   0x000000
                   .org_1       code   0x000000    program   0x000002
                   .org_2       code   0x000005    program   0x000026



                              Program Memory Usage 
                               Start         End      
                           ---------   ---------      
                            0x000000    0x000000      
                            0x000005    0x000017      
            20 out of 8454 program addresses used, program memory utilization is 0%



                              Symbols - Sorted by Name
                     Name    Address   Location    Storage File                     
                ---------  ---------  ---------  --------- ---------                
                     CERO   0x000012    program     static C:\Users\joeld\Desktop\Materias del semestre\MICROCOMPUTADORAS\Laboratorio\Practicas\Codigos\Practica 4\4_1.asm
                   INICIO   0x000005    program     static C:\Users\joeld\Desktop\Materias del semestre\MICROCOMPUTADORAS\Laboratorio\Practicas\Codigos\Practica 4\4_1.asm
                 SELECTOR   0x00000f    program     static C:\Users\joeld\Desktop\Materias del semestre\MICROCOMPUTADORAS\Laboratorio\Practicas\Codigos\Practica 4\4_1.asm
                      UNO   0x000015    program     static C:\Users\joeld\Desktop\Materias del semestre\MICROCOMPUTADORAS\Laboratorio\Practicas\Codigos\Practica 4\4_1.asm



                              Symbols - Sorted by Address
                     Name    Address   Location    Storage File                     
                ---------  ---------  ---------  --------- ---------                
                   INICIO   0x000005    program     static C:\Users\joeld\Desktop\Materias del semestre\MICROCOMPUTADORAS\Laboratorio\Practicas\Codigos\Practica 4\4_1.asm
                 SELECTOR   0x00000f    program     static C:\Users\joeld\Desktop\Materias del semestre\MICROCOMPUTADORAS\Laboratorio\Practicas\Codigos\Practica 4\4_1.asm
                     CERO   0x000012    program     static C:\Users\joeld\Desktop\Materias del semestre\MICROCOMPUTADORAS\Laboratorio\Practicas\Codigos\Practica 4\4_1.asm
                      UNO   0x000015    program     static C:\Users\joeld\Desktop\Materias del semestre\MICROCOMPUTADORAS\Laboratorio\Practicas\Codigos\Practica 4\4_1.asm


