MPLINK 4.49, Linker
Linker Map File - Created Thu Jan 05 06:26:30 2023

                                 Section Info
                  Section       Type    Address   Location Size(Bytes)
                ---------  ---------  ---------  ---------  ---------
                   .org_0       code   0x000000    program   0x000000
                   .org_1       code   0x000000    program   0x000002
                   .org_2       code   0x000005    program   0x000094



                              Program Memory Usage 
                               Start         End      
                           ---------   ---------      
                            0x000000    0x000000      
                            0x000005    0x00004e      
            75 out of 8454 program addresses used, program memory utilization is 0%



                              Symbols - Sorted by Name
                     Name    Address   Location    Storage File                     
                ---------  ---------  ---------  --------- ---------                
                  ACCION0   0x000017    program     static C:\Users\joel david\Desktop\codigos_labmicros\Practica 4\4_2.asm
                  ACCION1   0x00001a    program     static C:\Users\joel david\Desktop\codigos_labmicros\Practica 4\4_2.asm
                  ACCION2   0x00001d    program     static C:\Users\joel david\Desktop\codigos_labmicros\Practica 4\4_2.asm
                ACCION2_1   0x000020    program     static C:\Users\joel david\Desktop\codigos_labmicros\Practica 4\4_2.asm
                  ACCION3   0x000025    program     static C:\Users\joel david\Desktop\codigos_labmicros\Practica 4\4_2.asm
                ACCION3_1   0x000028    program     static C:\Users\joel david\Desktop\codigos_labmicros\Practica 4\4_2.asm
                  ACCION4   0x00002d    program     static C:\Users\joel david\Desktop\codigos_labmicros\Practica 4\4_2.asm
                ACCION4_1   0x000030    program     static C:\Users\joel david\Desktop\codigos_labmicros\Practica 4\4_2.asm
                ACCION4_2   0x000034    program     static C:\Users\joel david\Desktop\codigos_labmicros\Practica 4\4_2.asm
                ACCION4_3   0x000037    program     static C:\Users\joel david\Desktop\codigos_labmicros\Practica 4\4_2.asm
                  ACCION5   0x00003c    program     static C:\Users\joel david\Desktop\codigos_labmicros\Practica 4\4_2.asm
                   INICIO   0x000005    program     static C:\Users\joel david\Desktop\codigos_labmicros\Practica 4\4_2.asm
                  RETARDO   0x000042    program     static C:\Users\joel david\Desktop\codigos_labmicros\Practica 4\4_2.asm
                 SELECTOR   0x00000f    program     static C:\Users\joel david\Desktop\codigos_labmicros\Practica 4\4_2.asm
                      dos   0x000046    program     static C:\Users\joel david\Desktop\codigos_labmicros\Practica 4\4_2.asm
                     tres   0x000044    program     static C:\Users\joel david\Desktop\codigos_labmicros\Practica 4\4_2.asm
                      uno   0x000048    program     static C:\Users\joel david\Desktop\codigos_labmicros\Practica 4\4_2.asm



                              Symbols - Sorted by Address
                     Name    Address   Location    Storage File                     
                ---------  ---------  ---------  --------- ---------                
                   INICIO   0x000005    program     static C:\Users\joel david\Desktop\codigos_labmicros\Practica 4\4_2.asm
                 SELECTOR   0x00000f    program     static C:\Users\joel david\Desktop\codigos_labmicros\Practica 4\4_2.asm
                  ACCION0   0x000017    program     static C:\Users\joel david\Desktop\codigos_labmicros\Practica 4\4_2.asm
                  ACCION1   0x00001a    program     static C:\Users\joel david\Desktop\codigos_labmicros\Practica 4\4_2.asm
                  ACCION2   0x00001d    program     static C:\Users\joel david\Desktop\codigos_labmicros\Practica 4\4_2.asm
                ACCION2_1   0x000020    program     static C:\Users\joel david\Desktop\codigos_labmicros\Practica 4\4_2.asm
                  ACCION3   0x000025    program     static C:\Users\joel david\Desktop\codigos_labmicros\Practica 4\4_2.asm
                ACCION3_1   0x000028    program     static C:\Users\joel david\Desktop\codigos_labmicros\Practica 4\4_2.asm
                  ACCION4   0x00002d    program     static C:\Users\joel david\Desktop\codigos_labmicros\Practica 4\4_2.asm
                ACCION4_1   0x000030    program     static C:\Users\joel david\Desktop\codigos_labmicros\Practica 4\4_2.asm
                ACCION4_2   0x000034    program     static C:\Users\joel david\Desktop\codigos_labmicros\Practica 4\4_2.asm
                ACCION4_3   0x000037    program     static C:\Users\joel david\Desktop\codigos_labmicros\Practica 4\4_2.asm
                  ACCION5   0x00003c    program     static C:\Users\joel david\Desktop\codigos_labmicros\Practica 4\4_2.asm
                  RETARDO   0x000042    program     static C:\Users\joel david\Desktop\codigos_labmicros\Practica 4\4_2.asm
                     tres   0x000044    program     static C:\Users\joel david\Desktop\codigos_labmicros\Practica 4\4_2.asm
                      dos   0x000046    program     static C:\Users\joel david\Desktop\codigos_labmicros\Practica 4\4_2.asm
                      uno   0x000048    program     static C:\Users\joel david\Desktop\codigos_labmicros\Practica 4\4_2.asm


