MPLINK 4.49, Linker
Linker Map File - Created Wed Jan 04 23:07:52 2023

                                 Section Info
                  Section       Type    Address   Location Size(Bytes)
                ---------  ---------  ---------  ---------  ---------
                   .org_0       code   0x000000    program   0x000000
                   .org_1       code   0x000000    program   0x000002
                   .org_2       code   0x000005    program   0x000016



                              Program Memory Usage 
                               Start         End      
                           ---------   ---------      
                            0x000000    0x000000      
                            0x000005    0x00000f      
            12 out of 8454 program addresses used, program memory utilization is 0%



                              Symbols - Sorted by Name
                     Name    Address   Location    Storage File                     
                ---------  ---------  ---------  --------- ---------                
                   INICIO   0x000005    program     static C:\Users\joeld\Desktop\Materias del semestre\MICROCOMPUTADORAS\Laboratorio\Practicas\Practica 1\Ej4.asm
                 REINICIO   0x000009    program     static C:\Users\joeld\Desktop\Materias del semestre\MICROCOMPUTADORAS\Laboratorio\Practicas\Practica 1\Ej4.asm
                    ROTAR   0x00000c    program     static C:\Users\joeld\Desktop\Materias del semestre\MICROCOMPUTADORAS\Laboratorio\Practicas\Practica 1\Ej4.asm



                              Symbols - Sorted by Address
                     Name    Address   Location    Storage File                     
                ---------  ---------  ---------  --------- ---------                
                   INICIO   0x000005    program     static C:\Users\joeld\Desktop\Materias del semestre\MICROCOMPUTADORAS\Laboratorio\Practicas\Practica 1\Ej4.asm
                 REINICIO   0x000009    program     static C:\Users\joeld\Desktop\Materias del semestre\MICROCOMPUTADORAS\Laboratorio\Practicas\Practica 1\Ej4.asm
                    ROTAR   0x00000c    program     static C:\Users\joeld\Desktop\Materias del semestre\MICROCOMPUTADORAS\Laboratorio\Practicas\Practica 1\Ej4.asm


