MPLINK 4.49, Linker
Linker Map File - Created Thu Jan 05 01:30:02 2023

                                 Section Info
                  Section       Type    Address   Location Size(Bytes)
                ---------  ---------  ---------  ---------  ---------
                   .org_0       code   0x000000    program   0x000000
                   .org_1       code   0x000000    program   0x000002
                   .org_2       code   0x000005    program   0x000032



                              Program Memory Usage 
                               Start         End      
                           ---------   ---------      
                            0x000000    0x000000      
                            0x000005    0x00001d      
            26 out of 8454 program addresses used, program memory utilization is 0%



                              Symbols - Sorted by Name
                     Name    Address   Location    Storage File                     
                ---------  ---------  ---------  --------- ---------                
                   INICIO   0x000005    program     static C:\Users\joel david\Desktop\codigos_labmicros\Practica 3\3_9.asm
                      dos   0x000015    program     static C:\Users\joel david\Desktop\codigos_labmicros\Practica 3\3_9.asm
                    loop2   0x00000c    program     static C:\Users\joel david\Desktop\codigos_labmicros\Practica 3\3_9.asm
                  retardo   0x000011    program     static C:\Users\joel david\Desktop\codigos_labmicros\Practica 3\3_9.asm
                     tres   0x000013    program     static C:\Users\joel david\Desktop\codigos_labmicros\Practica 3\3_9.asm
                      uno   0x000017    program     static C:\Users\joel david\Desktop\codigos_labmicros\Practica 3\3_9.asm



                              Symbols - Sorted by Address
                     Name    Address   Location    Storage File                     
                ---------  ---------  ---------  --------- ---------                
                   INICIO   0x000005    program     static C:\Users\joel david\Desktop\codigos_labmicros\Practica 3\3_9.asm
                    loop2   0x00000c    program     static C:\Users\joel david\Desktop\codigos_labmicros\Practica 3\3_9.asm
                  retardo   0x000011    program     static C:\Users\joel david\Desktop\codigos_labmicros\Practica 3\3_9.asm
                     tres   0x000013    program     static C:\Users\joel david\Desktop\codigos_labmicros\Practica 3\3_9.asm
                      dos   0x000015    program     static C:\Users\joel david\Desktop\codigos_labmicros\Practica 3\3_9.asm
                      uno   0x000017    program     static C:\Users\joel david\Desktop\codigos_labmicros\Practica 3\3_9.asm


